EN q2 NULL C:/Users/ASUS/Desktop/hw2/hw2_proj/q2.vhd sub00/vhpl02 1672001098
EN q3 NULL C:/Users/ASUS/Desktop/hw2/hw2_proj/q3.vhd sub00/vhpl00 1671996257
AR q2 behavioral C:/Users/ASUS/Desktop/hw2/hw2_proj/q2.vhd sub00/vhpl03 1672001099
AR q3 behavioral C:/Users/ASUS/Desktop/hw2/hw2_proj/q3.vhd sub00/vhpl01 1671996258
